column 1,column 2,column 3
1,2,3
11,12,13
21,22,23