{
    "Context": {
        "Verdicts": {
            "Verdict": {
                "Value": 1,
                "Source": "WildFire-v2"
            },
            "VerdictDescription": {
                "Value": "malware",
                "Source": "WildFire-v2"
            },
            "Type": {
                "Value": "JAVA JAR",
                "Source": "WildFire-v2"
            },
            "MD5": {
                "Value": "4e76823c05048e92a4c0122d61000edf",
                "Source": "WildFire-v2"
            },
            "SHA1": {
                "Value": "d8b426700c3c10413abb8acdcfeccaaec8f06cd9",
                "Source": "WildFire-v2"
            }
        },
        "DBotScore": [
            {
                "Indicator": {
                    "Value": "7aa15bd505a240a8bf62735a5389a530322945eec6ce9d7b6ad299ca33b2b1b0",
                    "Source": "WildFire-v2"
                },
                "Reliability": {
                    "Value": "B - Usually reliable",
                    "Source": "WildFire-v2"
                },
                "Score": {
                    "Value": 3,
                    "Source": "WildFire-v2"
                },
                "Type": {
                    "Value": "file",
                    "Source": "WildFire-v2"
                },
                "Vendor": {
                    "Value": "WildFire-v2",
                    "Source": "WildFire-v2"
                }
            }
        ]
    },
    "HumanReadable": "#### Result for !wildfire-get-verdict hash=\"7aa15bd505a240a8bf62735a5389a530322945eec6ce9d7b6ad299ca33b2b1b0\"\n### WildFire Verdict\n|MD5|SHA256|Verdict|VerdictDescription|\n|---|---|---|---|---|\n| 4e76823c05048e92a4c0122d61000edf | 7aa15bd505a240a8bf62735a5389a530322945eec6ce9d7b6ad299ca33b2b1b0 | 1 | Malware |\n"
}
