[
  {
    "EntityA": "1.1.1.1",
    "EntityAType": "IP",
    "EntityB": "2.2.2.2",
    "EntityBType": "IP",
    "Relationship": "related to",
    "Reverse": "related to",
    "ID": "7ed6656f4c2aaa8f0cbc5cb83606be44",
    "Type": "indicatorToIndicator",
    "Reliability": "F - Reliability cannot be judged",
    "Brand": "XSOAR",
    "Revoked": true,
    "FirstSeenBySource": "2021-05-02T11:03:19.191095Z",
    "LastSeenBySource": "2021-05-02T11:03:19.191107Z",
    "Description": "Test"
  },
  {
    "EntityA": "1.1.1.1",
    "EntityAType": "IP",
    "EntityB": "3.3.3.3",
    "EntityBType": "IP",
    "Relationship": "related to",
    "Reverse": "related to",
    "ID": "7ed6656f4c2aaa8f0cbc5cb83606be45",
    "Type": "indicatorToIndicator",
    "Reliability": "F - Reliability cannot be judged",
    "Brand": "XSOAR"
  },
  {
    "EntityA": "1.1.1.1",
    "EntityAType": "IP",
    "EntityB": "4.4.4.4",
    "EntityBType": "IP",
    "Relationship": "related to",
    "Reverse": "related to",
    "ID": "7ed6656f4c2aaa8f0cbc5cb83606be46",
    "Type": "indicatorToIndicator",
    "Reliability": "F - Reliability cannot be judged",
    "Brand": "XSOAR",
    "Revoked": "",
    "FirstSeenBySource": "2021-05-02T11:03:19.191095Z",
    "LastSeenBySource": "2021-05-02T11:03:19.191107Z",
    "Description": ""
  },
  {
    "EntityA": "1.1.1.1",
    "EntityAType": "IP",
    "EntityB": "6.6.6.6",
    "EntityBType": "IP",
    "Relationship": "related to",
    "Reverse": "related to",
    "ID": "7ed6656f4c2aaa8f0cbc5cb83606be47",
    "Type": "indicatorToIndicator",
    "Reliability": "",
    "Brand": "XSOAR",
    "Revoked": "",
    "FirstSeenBySource": "2021-05-02T11:03:19.191095Z",
    "LastSeenBySource": "2021-05-02T11:03:19.191107Z",
    "Description": ""
  }
]