[
    {
        "name": "Vectra Account ID: 36 - O365:darcy@corp.example.com",
        "occurred": "2022-07-03T23:34:07.000Z",
        "rawJSON": "{\"_doc_modified_ts\": \"2022-07-08T14:10:34.243153\", \"account_type\": \"o365\", \"certainty\": 35, \"detection_summaries\": [{\"assigned_date\": null, \"assigned_to\": null, \"certainty\": 50, \"detection_category\": \"EXFILTRATION\", \"detection_id\": 57, \"detection_type\": \"O365 Suspicious Mail Forwarding\", \"filtered_by_ai\": false, \"filtered_by_rule\": false, \"filtered_by_user\": false, \"is_targeting_key_asset\": false, \"is_triaged\": false, \"state\": \"active\", \"summary\": {\"description\": \"This account was seen forwarding mailboxes to external emails, which may be used as a collection or exfiltration channel.\", \"destination_emails\": [\"smtp:audit_corporate@test.com\"], \"num_mailboxes_forwarded\": 1}, \"tags\": [], \"threat\": 60}, {\"assigned_date\": null, \"assigned_to\": null, \"certainty\": 60, \"detection_category\": \"LATERAL MOVEMENT\", \"detection_id\": 56, \"detection_type\": \"O365 Risky Exchange Operation\", \"filtered_by_ai\": false, \"filtered_by_rule\": false, \"filtered_by_user\": false, \"is_targeting_key_asset\": false, \"is_triaged\": false, \"state\": \"active\", \"summary\": {\"app_name\": \"Exchange\", \"description\": \"This account performed Exchange operations that were unusual for the account and could support malicious activities.\", \"operations\": [\"Set-Mailbox\", \"New-InboxRule\", \"Enable-InboxRule\"]}, \"tags\": [], \"threat\": 40}, {\"assigned_date\": null, \"assigned_to\": null, \"certainty\": 70, \"detection_category\": \"COMMAND & CONTROL\", \"detection_id\": 55, \"detection_type\": \"Azure AD Suspicious Sign-On\", \"filtered_by_ai\": false, \"filtered_by_rule\": false, \"filtered_by_user\": false, \"is_targeting_key_asset\": false, \"is_triaged\": false, \"state\": \"active\", \"summary\": {\"client_applications\": [\"Office 365 Exchange Online\"], \"countries\": [\"US\"], \"description\": \"A successful but suspicious sign-on to this account was detected.\", \"mfa_status\": [\"notApplied\"], \"oss\": [\"Mozilla/5.0 (Macintosh; Intel Mac OS X 10_14_4) AppleWebKit/605.1.15 (KHTML, like Gecko)\"], \"reasons\": [\"rare IP\", \"rare device\", \"rare location\", \"concurrent session\", \"fast traveler\"], \"src_ips\": [\"1.1.1.1\"]}, \"tags\": [], \"threat\": 80}, {\"assigned_date\": null, \"assigned_to\": null, \"certainty\": 50, \"detection_category\": \"LATERAL MOVEMENT\", \"detection_id\": 54, \"detection_type\": \"Azure AD Successful Brute-Force\", \"filtered_by_ai\": false, \"filtered_by_rule\": false, \"filtered_by_user\": false, \"is_targeting_key_asset\": false, \"is_triaged\": false, \"state\": \"active\", \"summary\": {\"description\": \"This account successfully logged in from a suspicious IP address after frequent failed login attempts.\", \"num_attempts\": 67, \"operations\": [\"UserLoggedIn\"]}, \"tags\": [], \"threat\": 50}], \"id\": 36, \"last_detection_timestamp\": \"2022-07-03T23:34:07Z\", \"ldap\": null, \"name\": \"O365:darcy@corp.example.com\", \"display_name\": \"O365:darcy@corp.example.com\", \"note\": null, \"note_modified_by\": null, \"note_modified_timestamp\": null, \"privilege_category\": null, \"privilege_level\": null, \"probable_home\": null, \"severity\": \"High\", \"state\": \"active\", \"tags\": [], \"threat\": 60, \"groups\": [{\"id\": 1, \"name\": \"Cognito - Box\", \"description\": \"Domains used by the Box service\", \"last_modified\": \"2023-05-31T13:57:53Z\", \"last_modified_by\": \"cognito\", \"type\": \"domain\", \"members\": [\"*.abc.com\", \"*.xyz.net\"], \"rules\": [{\"triage_category\": \"Box\", \"id\": 175, \"description\": \"data storage to Box service\"}], \"importance\": \"medium\", \"cognito_managed\": true}, {\"id\": 8, \"name\": \"Cognito - IPAM\", \"description\": \"IPAM, created by Cognito\", \"last_modified\": \"2023-08-18T09:16:54Z\", \"last_modified_by\": \"cognito\", \"type\": \"host\", \"members\": [{\"is_key_asset\": false, \"id\": 97, \"name\": \"IP-0.0.0.0\", \"url\": \"https://server_url.com/api/v2.5/hosts/97\"}, {\"is_key_asset\": false, \"id\": 212, \"name\": \"IP-0.0.0.1\", \"url\": \"https://server_url.com/api/v2.5/hosts/212\"}], \"rules\": [{\"triage_category\": \"Expected IPAM Behavior\", \"id\": 189, \"description\": \"Expected behavior from these devices\"}, {\"triage_category\": \"Expected IPAM Behavior\", \"id\": 193, \"description\": \"Expected behavior from these devices\"}], \"importance\": \"medium\"}, {\"id\": 16, \"name\": \"Cognito - Guest Wifi\", \"description\": \"IP space used by Guest Wifi\", \"last_modified\": \"2023-08-18T08:55:54Z\", \"last_modified_by\": \"cognito\", \"type\": \"ip\", \"members\": [\"0.0.0.0\", \"0.0.0.1\"], \"rules\": [], \"importance\": \"medium\", \"cognito_managed\": false}, {\"id\": 22, \"name\": \"Dev-Group-Account-High\", \"description\": \"\", \"last_modified\": \"2023-08-25T10:17:37Z\", \"last_modified_by\": \"cognito\", \"type\": \"account\", \"members\": [{\"uid\": \"O300:service-principal_00000000-0000-0000-0000-000000000001\"}, {\"uid\": \"administrator@fictotech.com\"}], \"rules\": [], \"importance\": \"high\"}], \"detection_details\": [{\"_doc_modified_ts\": \"2022-07-11T07:01:42.553031\", \"assigned_date\": null, \"assigned_to\": null, \"campaign_summaries\": [], \"category\": \"COMMAND & CONTROL\", \"certainty\": 70, \"created_timestamp\": \"2022-07-09T13:42:45Z\", \"custom_detection\": null, \"description\": null, \"detection\": \"Azure AD Suspicious Sign-On\", \"detection_category\": \"COMMAND & CONTROL\", \"detection_type\": \"Azure AD Suspicious Sign-On\", \"filtered_by_ai\": false, \"filtered_by_rule\": false, \"filtered_by_user\": false, \"first_timestamp\": \"2022-07-09T13:42:22Z\", \"grouped_details\": [{\"application\": \"Skype for Business Online\", \"browser\": \"Mozilla/5.0 (X11; Ubuntu; Linux i686; rv:24.0) Gecko/20100101 Firefox/24.0\", \"city\": \"South Brisbane\", \"client_application\": \"Office 365 Exchange Online\", \"country\": \"Australia\", \"device_name\": \"\", \"last_timestamp\": \"2022-07-09T13:45:53Z\", \"mfa_status\": \"notApplied\", \"os\": \"Linux\", \"previous_countries\": [\"United States of America\"], \"previous_device_names\": [\"Windows-Conrad-laptop\", \"Android-Conrad-phone\"], \"previous_os_browsers\": [{\"browser\": \"Mozilla/5.0 (Windows NT 10.0; Win64; x64) AppleWebKit/537.36 (KHTML, like Gecko) Chrome/83.0.4103 Safari/537.36\", \"os\": \"Windows 10\"}, {\"browser\": \"Mozilla/5.0 (Windows NT 10.0; Win64; x64) AppleWebKit/537.36 (KHTML, like Gecko) Chrome/84.0.4103 Safari/537.36\", \"os\": \"Windows 10\"}, {\"browser\": \"Mozilla/5.0 (Windows NT 10.0; Win64; x64) AppleWebKit/537.36 (KHTML, like Gecko) Chrome/85.0.4103 Safari/537.36\", \"os\": \"Windows 10\"}, {\"browser\": \"Mozilla/5.0 (Windows NT 10.0; Win64; x64) AppleWebKit/537.36 (KHTML, like Gecko) Chrome/86.0.4240 Safari/537.36\", \"os\": \"Windows 10\"}], \"reasons\": [\"rare IP\", \"rare device\", \"rare location\", \"concurrent session\", \"fast traveler\"], \"src_ip\": \"101.162.72.123\", \"state\": \"QLD\"}, {\"application\": \"Skype for Business Online\", \"browser\": \"Mozilla/5.0 (X11; Ubuntu; Linux i686; rv:24.0) Gecko/20100101 Firefox/24.0\", \"city\": \"South Brisbane\", \"client_application\": \"Office 365 Exchange Online\", \"country\": \"Australia\", \"device_name\": \"\", \"last_timestamp\": \"2022-07-09T13:42:22Z\", \"mfa_status\": \"notApplied\", \"os\": \"Linux\", \"previous_countries\": [\"United States of America\"], \"previous_device_names\": [\"Windows-Conrad-laptop\", \"Android-Conrad-phone\"], \"previous_os_browsers\": [{\"browser\": \"Mozilla/5.0 (Windows NT 10.0; Win64; x64) AppleWebKit/537.36 (KHTML, like Gecko) Chrome/83.0.4103 Safari/537.36\", \"os\": \"Windows 10\"}, {\"browser\": \"Mozilla/5.0 (Windows NT 10.0; Win64; x64) AppleWebKit/537.36 (KHTML, like Gecko) Chrome/84.0.4103 Safari/537.36\", \"os\": \"Windows 10\"}, {\"browser\": \"Mozilla/5.0 (Windows NT 10.0; Win64; x64) AppleWebKit/537.36 (KHTML, like Gecko) Chrome/85.0.4103 Safari/537.36\", \"os\": \"Windows 10\"}, {\"browser\": \"Mozilla/5.0 (Windows NT 10.0; Win64; x64) AppleWebKit/537.36 (KHTML, like Gecko) Chrome/86.0.4240 Safari/537.36\", \"os\": \"Windows 10\"}], \"reasons\": [\"rare IP\", \"rare device\", \"rare location\", \"concurrent session\", \"fast traveler\"], \"src_ip\": \"101.162.72.123\", \"state\": \"QLD\"}], \"groups\": [], \"id\": 14, \"is_custom_model\": false, \"is_marked_custom\": false, \"is_targeting_key_asset\": false, \"is_triaged\": false, \"last_timestamp\": \"2022-07-09T13:45:53Z\", \"note\": null, \"note_modified_by\": null, \"note_modified_timestamp\": null, \"sensor\": \"t3gtos4d\", \"sensor_name\": \"Sensor_A\", \"src_account\": {\"certainty\": 85, \"id\": 9, \"name\": \"O365:conrad@corp.example.com\", \"privilege_category\": null, \"privilege_level\": null, \"threat\": 80, \"url\": \"http://localhost:4080/api/v2.1/accounts/9\"}, \"src_host\": null, \"src_ip\": \"101.162.72.123\", \"src_linked_account\": {\"certainty\": 88, \"id\": 7, \"name\": \"conrad@corp.example.com\", \"privilege_category\": \"Low\", \"privilege_level\": 1, \"threat\": 82, \"url\": \"http://localhost:4080/api/v2.2/accounts/7\"}, \"state\": \"active\", \"summary\": {\"client_applications\": [\"Office 365 Exchange Online\"], \"countries\": [\"Australia\"], \"description\": \"A successful but suspicious sign-on to this account was detected.\", \"mfa_status\": [\"notApplied\"], \"oss\": [\"Linux\"], \"reasons\": [\"rare IP\", \"rare device\", \"rare location\", \"concurrent session\", \"fast traveler\"], \"src_ips\": [\"101.162.72.123\"]}, \"tags\": [], \"targets_key_asset\": false, \"threat\": 80, \"triage_rule_id\": null, \"url\": \"https://vectra.test/detections/14?pivot=Vectra_AI-XSOAR-2.0.0\"}], \"assignment_details\": {\"account_id\": null, \"assigned_by\": {\"id\": 142, \"username\": \"SAML:dummy-user@example.com\"}, \"assigned_to\": {\"id\": 142, \"username\": \"SAML:dummy-user@example.com\"}, \"date_assigned\": \"2022-10-01T12:34:56Z\", \"date_resolved\": \"2022-10-10T12:34:56Z\", \"events\": [{\"actor\": 142, \"assignment_id\": 25, \"context\": {\"created_rule_ids\": [5901, 5902, 5903], \"entity_c_score\": 13, \"entity_t_score\": 63, \"fixed_detection_ids\": null, \"triage_as\": \"Test-Triage\", \"triaged_detection_ids\": [2201, 2202, 2203]}, \"datetime\": \"22022-10-10T12:34:56Z\", \"event_type\": \"resolved\"}, {\"actor\": 142, \"assignment_id\": 25, \"context\": {\"entity_c_score\": 13, \"entity_t_score\": 63, \"to\": 142}, \"datetime\": \"2022-10-01T12:34:56Z\", \"event_type\": \"created\"}], \"host_id\": 1234, \"id\": 25, \"outcome\": {\"builtin\": false, \"category\": \"benign_true_positive\", \"id\": 4, \"title\": \"Vectra Outcome Test True Positive\", \"user_selectable\": true}, \"resolved_by\": {\"id\": 142, \"username\": \"dummy@example.com\"}, \"triaged_detections\": [2201, 2202, 2203]}, \"_vectra_specific\": {\"entity_type\": \"account\", \"UI_URL\": \"https://vectra.test/accounts/36?pivot=Vectra_AI-XSOAR-2.0.0\"}, \"mirror_direction\": null, \"mirror_tags\": \"\", \"mirror_instance\": \"\", \"mirror_id\": \"36-account\", \"calculated_severity\": 3}",
        "severity": 3
    },
    {
        "name": "Vectra Host ID: 472 - Vectra-Test",
        "occurred": "2022-07-09T14:13:58.000Z",
        "rawJSON": "{\"_doc_modified_ts\": \"2022-07-11T07:07:59.203634\", \"active_traffic\": false, \"assigned_date\": null, \"assigned_to\": null, \"assignment\": null, \"campaign_summaries\": [], \"certainty\": 45, \"detection_profile\": \"Cloud Services\", \"detection_summaries\": [{\"assigned_date\": null, \"assigned_to\": null, \"certainty\": 20, \"detection_category\": \"COMMAND & CONTROL\", \"detection_id\": 33, \"detection_type\": \"Hidden DNS Tunnel\", \"filtered_by_ai\": false, \"filtered_by_rule\": false, \"filtered_by_user\": false, \"is_targeting_key_asset\": false, \"is_triaged\": false, \"state\": \"active\", \"summary\": {\"bytes_received\": 557123, \"bytes_sent\": 478002, \"num_sessions\": 3164, \"target_domains\": [\"snakeoil.biz\"]}, \"tags\": [], \"threat\": 23}, {\"assigned_date\": null, \"assigned_to\": null, \"certainty\": 78, \"detection_category\": \"EXFILTRATION\", \"detection_id\": 31, \"detection_type\": \"Hidden DNS Tunnel\", \"filtered_by_ai\": false, \"filtered_by_rule\": false, \"filtered_by_user\": false, \"is_targeting_key_asset\": false, \"is_triaged\": false, \"state\": \"active\", \"summary\": {\"bytes_received\": 483704, \"bytes_sent\": 414990, \"dst_ips\": [\"192.168.55.10\"], \"num_sessions\": 2746}, \"tags\": [], \"threat\": 40}], \"groups\": [], \"has_active_traffic\": false, \"has_custom_model\": false, \"has_shell_knocker_learnings\": false, \"host_artifact_set\": [{\"siem\": false, \"source\": null, \"type\": \"dhcp\", \"value\": \"Vectra-Test\"}, {\"siem\": false, \"source\": null, \"type\": \"mac\", \"value\": \"00:04:ac:12:a6:19\", \"vendor\": \"Ibm Corp\"}], \"host_luid\": \".Zv2h8pJ\", \"host_session_luids\": [\"4jY..77U\"], \"id\": 472, \"ip\": \"192.168.51.6\", \"is_key_asset\": false, \"is_targeting_key_asset\": false, \"key_asset\": false, \"last_detection_timestamp\": \"2022-07-09T14:13:58Z\", \"last_modified\": \"2022-07-09T14:03:57Z\", \"last_seen\": \"2022-07-09T19:38:34Z\", \"last_source\": \"192.168.51.6\", \"ldap\": null, \"name\": \"Vectra-Test\", \"note\": null, \"note_modified_by\": null, \"note_modified_timestamp\": null, \"previous_ips\": [], \"privilege_category\": null, \"privilege_level\": null, \"probable_owner\": null, \"sensor\": \"2x2ir6i9\", \"sensor_name\": \"Sensor_A\", \"severity\": \"low\", \"shell_knocker\": [], \"state\": \"active\", \"suspicious_admin_learnings\": {\"host_manages\": [], \"managers_of_host\": []}, \"tags\": [], \"targets_key_asset\": false, \"threat\": 30, \"detection_details\": [{\"_doc_modified_ts\": \"2022-07-11T07:01:42.553031\", \"assigned_date\": null, \"assigned_to\": null, \"campaign_summaries\": [], \"category\": \"COMMAND & CONTROL\", \"certainty\": 70, \"created_timestamp\": \"2022-07-09T13:42:45Z\", \"custom_detection\": null, \"description\": null, \"detection\": \"Azure AD Suspicious Sign-On\", \"detection_category\": \"COMMAND & CONTROL\", \"detection_type\": \"Azure AD Suspicious Sign-On\", \"filtered_by_ai\": false, \"filtered_by_rule\": false, \"filtered_by_user\": false, \"first_timestamp\": \"2022-07-09T13:42:22Z\", \"grouped_details\": [{\"application\": \"Skype for Business Online\", \"browser\": \"Mozilla/5.0 (X11; Ubuntu; Linux i686; rv:24.0) Gecko/20100101 Firefox/24.0\", \"city\": \"South Brisbane\", \"client_application\": \"Office 365 Exchange Online\", \"country\": \"Australia\", \"device_name\": \"\", \"last_timestamp\": \"2022-07-09T13:45:53Z\", \"mfa_status\": \"notApplied\", \"os\": \"Linux\", \"previous_countries\": [\"United States of America\"], \"previous_device_names\": [\"Windows-Conrad-laptop\", \"Android-Conrad-phone\"], \"previous_os_browsers\": [{\"browser\": \"Mozilla/5.0 (Windows NT 10.0; Win64; x64) AppleWebKit/537.36 (KHTML, like Gecko) Chrome/83.0.4103 Safari/537.36\", \"os\": \"Windows 10\"}, {\"browser\": \"Mozilla/5.0 (Windows NT 10.0; Win64; x64) AppleWebKit/537.36 (KHTML, like Gecko) Chrome/84.0.4103 Safari/537.36\", \"os\": \"Windows 10\"}, {\"browser\": \"Mozilla/5.0 (Windows NT 10.0; Win64; x64) AppleWebKit/537.36 (KHTML, like Gecko) Chrome/85.0.4103 Safari/537.36\", \"os\": \"Windows 10\"}, {\"browser\": \"Mozilla/5.0 (Windows NT 10.0; Win64; x64) AppleWebKit/537.36 (KHTML, like Gecko) Chrome/86.0.4240 Safari/537.36\", \"os\": \"Windows 10\"}], \"reasons\": [\"rare IP\", \"rare device\", \"rare location\", \"concurrent session\", \"fast traveler\"], \"src_ip\": \"101.162.72.123\", \"state\": \"QLD\"}, {\"application\": \"Skype for Business Online\", \"browser\": \"Mozilla/5.0 (X11; Ubuntu; Linux i686; rv:24.0) Gecko/20100101 Firefox/24.0\", \"city\": \"South Brisbane\", \"client_application\": \"Office 365 Exchange Online\", \"country\": \"Australia\", \"device_name\": \"\", \"last_timestamp\": \"2022-07-09T13:42:22Z\", \"mfa_status\": \"notApplied\", \"os\": \"Linux\", \"previous_countries\": [\"United States of America\"], \"previous_device_names\": [\"Windows-Conrad-laptop\", \"Android-Conrad-phone\"], \"previous_os_browsers\": [{\"browser\": \"Mozilla/5.0 (Windows NT 10.0; Win64; x64) AppleWebKit/537.36 (KHTML, like Gecko) Chrome/83.0.4103 Safari/537.36\", \"os\": \"Windows 10\"}, {\"browser\": \"Mozilla/5.0 (Windows NT 10.0; Win64; x64) AppleWebKit/537.36 (KHTML, like Gecko) Chrome/84.0.4103 Safari/537.36\", \"os\": \"Windows 10\"}, {\"browser\": \"Mozilla/5.0 (Windows NT 10.0; Win64; x64) AppleWebKit/537.36 (KHTML, like Gecko) Chrome/85.0.4103 Safari/537.36\", \"os\": \"Windows 10\"}, {\"browser\": \"Mozilla/5.0 (Windows NT 10.0; Win64; x64) AppleWebKit/537.36 (KHTML, like Gecko) Chrome/86.0.4240 Safari/537.36\", \"os\": \"Windows 10\"}], \"reasons\": [\"rare IP\", \"rare device\", \"rare location\", \"concurrent session\", \"fast traveler\"], \"src_ip\": \"101.162.72.123\", \"state\": \"QLD\"}], \"groups\": [], \"id\": 14, \"is_custom_model\": false, \"is_marked_custom\": false, \"is_targeting_key_asset\": false, \"is_triaged\": false, \"last_timestamp\": \"2022-07-09T13:45:53Z\", \"note\": null, \"note_modified_by\": null, \"note_modified_timestamp\": null, \"sensor\": \"t3gtos4d\", \"sensor_name\": \"Sensor_A\", \"src_account\": {\"certainty\": 85, \"id\": 9, \"name\": \"O365:conrad@corp.example.com\", \"privilege_category\": null, \"privilege_level\": null, \"threat\": 80, \"url\": \"http://localhost:4080/api/v2.1/accounts/9\"}, \"src_host\": null, \"src_ip\": \"101.162.72.123\", \"src_linked_account\": {\"certainty\": 88, \"id\": 7, \"name\": \"conrad@corp.example.com\", \"privilege_category\": \"Low\", \"privilege_level\": 1, \"threat\": 82, \"url\": \"http://localhost:4080/api/v2.2/accounts/7\"}, \"state\": \"active\", \"summary\": {\"client_applications\": [\"Office 365 Exchange Online\"], \"countries\": [\"Australia\"], \"description\": \"A successful but suspicious sign-on to this account was detected.\", \"mfa_status\": [\"notApplied\"], \"oss\": [\"Linux\"], \"reasons\": [\"rare IP\", \"rare device\", \"rare location\", \"concurrent session\", \"fast traveler\"], \"src_ips\": [\"101.162.72.123\"]}, \"tags\": [], \"targets_key_asset\": false, \"threat\": 80, \"triage_rule_id\": null, \"url\": \"https://vectra.test/detections/14?pivot=Vectra_AI-XSOAR-2.0.0\"}], \"assignment_details\": {\"account_id\": null, \"assigned_by\": {\"id\": 142, \"username\": \"SAML:dummy-user@example.com\"}, \"assigned_to\": {\"id\": 142, \"username\": \"SAML:dummy-user@example.com\"}, \"date_assigned\": \"2022-10-01T12:34:56Z\", \"date_resolved\": \"2022-10-10T12:34:56Z\", \"events\": [{\"actor\": 142, \"assignment_id\": 25, \"context\": {\"created_rule_ids\": [5901, 5902, 5903], \"entity_c_score\": 13, \"entity_t_score\": 63, \"fixed_detection_ids\": null, \"triage_as\": \"Test-Triage\", \"triaged_detection_ids\": [2201, 2202, 2203]}, \"datetime\": \"22022-10-10T12:34:56Z\", \"event_type\": \"resolved\"}, {\"actor\": 142, \"assignment_id\": 25, \"context\": {\"entity_c_score\": 13, \"entity_t_score\": 63, \"to\": 142}, \"datetime\": \"2022-10-01T12:34:56Z\", \"event_type\": \"created\"}], \"host_id\": 1234, \"id\": 25, \"outcome\": {\"builtin\": false, \"category\": \"benign_true_positive\", \"id\": 4, \"title\": \"Vectra Outcome Test True Positive\", \"user_selectable\": true}, \"resolved_by\": {\"id\": 142, \"username\": \"dummy@example.com\"}, \"triaged_detections\": [2201, 2202, 2203]}, \"_vectra_specific\": {\"entity_type\": \"host\", \"UI_URL\": \"https://vectra.test/hosts/472?pivot=Vectra_AI-XSOAR-2.0.0\"}, \"mirror_direction\": null, \"mirror_tags\": \"\", \"mirror_instance\": \"\", \"mirror_id\": \"472-host\", \"calculated_severity\": 1}",
        "severity": 1
    },
    {
        "name": "Vectra Detection ID: 14 - Azure AD Suspicious Sign-On",
        "occurred": "2022-07-09T13:45:53.000Z",
        "rawJSON": "{\"_doc_modified_ts\": \"2022-07-11T07:01:42.553031\", \"assigned_date\": null, \"assigned_to\": null, \"campaign_summaries\": [], \"category\": \"COMMAND & CONTROL\", \"certainty\": 70, \"created_timestamp\": \"2022-07-09T13:42:45Z\", \"custom_detection\": null, \"description\": null, \"detection\": \"Azure AD Suspicious Sign-On\", \"detection_category\": \"COMMAND & CONTROL\", \"detection_type\": \"Azure AD Suspicious Sign-On\", \"filtered_by_ai\": false, \"filtered_by_rule\": false, \"filtered_by_user\": false, \"first_timestamp\": \"2022-07-09T13:42:22Z\", \"grouped_details\": [{\"application\": \"Skype for Business Online\", \"browser\": \"Mozilla/5.0 (X11; Ubuntu; Linux i686; rv:24.0) Gecko/20100101 Firefox/24.0\", \"city\": \"South Brisbane\", \"client_application\": \"Office 365 Exchange Online\", \"country\": \"Australia\", \"device_name\": \"\", \"last_timestamp\": \"2022-07-09T13:45:53Z\", \"mfa_status\": \"notApplied\", \"os\": \"Linux\", \"previous_countries\": [\"United States of America\"], \"previous_device_names\": [\"Windows-Conrad-laptop\", \"Android-Conrad-phone\"], \"previous_os_browsers\": [{\"browser\": \"Mozilla/5.0 (Windows NT 10.0; Win64; x64) AppleWebKit/537.36 (KHTML, like Gecko) Chrome/83.0.4103 Safari/537.36\", \"os\": \"Windows 10\"}, {\"browser\": \"Mozilla/5.0 (Windows NT 10.0; Win64; x64) AppleWebKit/537.36 (KHTML, like Gecko) Chrome/84.0.4103 Safari/537.36\", \"os\": \"Windows 10\"}, {\"browser\": \"Mozilla/5.0 (Windows NT 10.0; Win64; x64) AppleWebKit/537.36 (KHTML, like Gecko) Chrome/85.0.4103 Safari/537.36\", \"os\": \"Windows 10\"}, {\"browser\": \"Mozilla/5.0 (Windows NT 10.0; Win64; x64) AppleWebKit/537.36 (KHTML, like Gecko) Chrome/86.0.4240 Safari/537.36\", \"os\": \"Windows 10\"}], \"reasons\": [\"rare IP\", \"rare device\", \"rare location\", \"concurrent session\", \"fast traveler\"], \"src_ip\": \"101.162.72.123\", \"state\": \"QLD\"}, {\"application\": \"Skype for Business Online\", \"browser\": \"Mozilla/5.0 (X11; Ubuntu; Linux i686; rv:24.0) Gecko/20100101 Firefox/24.0\", \"city\": \"South Brisbane\", \"client_application\": \"Office 365 Exchange Online\", \"country\": \"Australia\", \"device_name\": \"\", \"last_timestamp\": \"2022-07-09T13:42:22Z\", \"mfa_status\": \"notApplied\", \"os\": \"Linux\", \"previous_countries\": [\"United States of America\"], \"previous_device_names\": [\"Windows-Conrad-laptop\", \"Android-Conrad-phone\"], \"previous_os_browsers\": [{\"browser\": \"Mozilla/5.0 (Windows NT 10.0; Win64; x64) AppleWebKit/537.36 (KHTML, like Gecko) Chrome/83.0.4103 Safari/537.36\", \"os\": \"Windows 10\"}, {\"browser\": \"Mozilla/5.0 (Windows NT 10.0; Win64; x64) AppleWebKit/537.36 (KHTML, like Gecko) Chrome/84.0.4103 Safari/537.36\", \"os\": \"Windows 10\"}, {\"browser\": \"Mozilla/5.0 (Windows NT 10.0; Win64; x64) AppleWebKit/537.36 (KHTML, like Gecko) Chrome/85.0.4103 Safari/537.36\", \"os\": \"Windows 10\"}, {\"browser\": \"Mozilla/5.0 (Windows NT 10.0; Win64; x64) AppleWebKit/537.36 (KHTML, like Gecko) Chrome/86.0.4240 Safari/537.36\", \"os\": \"Windows 10\"}], \"reasons\": [\"rare IP\", \"rare device\", \"rare location\", \"concurrent session\", \"fast traveler\"], \"src_ip\": \"101.162.72.123\", \"state\": \"QLD\"}], \"groups\": [], \"id\": 14, \"is_custom_model\": false, \"is_marked_custom\": false, \"is_targeting_key_asset\": false, \"is_triaged\": false, \"last_timestamp\": \"2022-07-09T13:45:53Z\", \"note\": null, \"note_modified_by\": null, \"note_modified_timestamp\": null, \"sensor\": \"t3gtos4d\", \"sensor_name\": \"Sensor_A\", \"src_account\": {\"certainty\": 85, \"id\": 9, \"name\": \"O365:conrad@corp.example.com\", \"privilege_category\": null, \"privilege_level\": null, \"threat\": 80, \"url\": \"http://localhost:4080/api/v2.1/accounts/9\"}, \"src_host\": null, \"src_ip\": \"101.162.72.123\", \"src_linked_account\": {\"certainty\": 88, \"id\": 7, \"name\": \"conrad@corp.example.com\", \"privilege_category\": \"Low\", \"privilege_level\": 1, \"threat\": 82, \"url\": \"http://localhost:4080/api/v2.2/accounts/7\"}, \"state\": \"active\", \"summary\": {\"client_applications\": [\"Office 365 Exchange Online\"], \"countries\": [\"Australia\"], \"description\": \"A successful but suspicious sign-on to this account was detected.\", \"mfa_status\": [\"notApplied\"], \"oss\": [\"Linux\"], \"reasons\": [\"rare IP\", \"rare device\", \"rare location\", \"concurrent session\", \"fast traveler\"], \"src_ips\": [\"101.162.72.123\"]}, \"tags\": [], \"targets_key_asset\": false, \"threat\": 80, \"triage_rule_id\": null, \"url\": \"https://vectra.test/detections/14?pivot=Vectra_AI-XSOAR-2.0.0\", \"_vectra_specific\": {\"entity_type\": \"COMMAND & CONTROL\", \"UI_URL\": \"https://vectra.test/detections/14?pivot=Vectra_AI-XSOAR-2.0.0\"}}",
        "severity": 4
    }
]