{ "currentNbAssets": 456, "previousNbAssets": 123 }
