[
  {
    "ID": "789",
    "Params": { "nbDaysToCompare": 28, "withTotal": true },
    "Type": "ASSETS_OVERVIEW"
  }
]
