{
    "DBotScore(val.Indicator && val.Indicator == obj.Indicator && val.Vendor == obj.Vendor && val.Type == obj.Type)": [
        {
            "Indicator": "sha256sha256sha256sha256sha256sha256sha256sha256sha256sha256sha2",
            "Reliability": "C - Fairly reliable",
            "Score": 3,
            "Type": "file",
            "Vendor": "VirusTotal (API v3)"
        },
        {
            "Indicator": "sha256sha256sha256sha256sha256sha256sha256sha256sha256sha256sha2",
            "Reliability": "B - Usually reliable",
            "Score": 3,
            "Type": "file",
            "Vendor": "WildFire-v2"
        }
    ],
    "FileEnrichment(val.Brand && val.Brand == obj.Brand && (val.MD5 && val.MD5 == obj.MD5 || val.SHA1 && val.SHA1 == obj.SHA1 || val.SHA256 && val.SHA256 == obj.SHA256 || val.SHA512 && val.SHA512 == obj.SHA512))": [
        {
            "Extension": "ZIP",
            "Type": "application/zip",
            "MD5": "md5md5md5md5md5md5md5md5md5md5md5md5md5m",
            "SHA1": "sha1sha1sha1sha1sha1sha1sha1sha1sha1sha1",
            "SHA256": "sha256sha256sha256sha256sha256sha256sha256sha256sha256sha256sha2",
            "Size": 262291,
            "SSDeep": "6144:aAaAaAaAaAaA/B/:CCeeffgghhiijj/kkllmm",
            "Tags": [
                "jar",
                "checks-cpu-name",
                "sets-process-name",
                "detect-debug-environment",
                "checks-hostname"
            ],
            "Brand": "TIM",
            "Score": 3
        },
        {
            "Extension": "zip",
            "Hashes": [
                {
                    "type": "MD5",
                    "value": "md5md5md5md5md5md5md5md5md5md5md5md5md5m"
                },
                {
                    "type": "SHA1",
                    "value": "sha1sha1sha1sha1sha1sha1sha1sha1sha1sha1"
                },
                {
                    "type": "SHA256",
                    "value": "sha256sha256sha256sha256sha256sha256sha256sha256sha256sha256sha2"
                },
                {
                    "type": "SSDeep",
                    "value": "6144:aAaAaAaAaAaA/B/:CCeeffgghhiijj/kkllmm"
                }
            ],
            "MD5": "md5md5md5md5md5md5md5md5md5md5md5md5md5m",
            "Relationships": [
                {
                    "EntityA": "sha256sha256sha256sha256sha256sha256sha256sha256sha256sha256sha2",
                    "EntityAType": "File",
                    "EntityB": "test123.com",
                    "EntityBType": "Domain",
                    "Relationship": "communicates-with"
                }
            ],
            "SHA1": "sha1sha1sha1sha1sha1sha1sha1sha1sha1sha1",
            "SHA256": "sha256sha256sha256sha256sha256sha256sha256sha256sha256sha256sha2",
            "SSDeep": "6144:aAaAaAaAaAaA/B/:CCeeffgghhiijj/kkllmm",
            "Size": 262291,
            "Tags": [
                "jar",
                "checks-cpu-name",
                "sets-process-name",
                "detect-debug-environment",
                "checks-hostname"
            ],
            "Type": "application/zip",
            "VTVendors": {
                "EngineDetectionNames": [
                    "Trojan.ZIP.Java.m!c",
                    "Malicious (score: 99)"
                ],
                "EngineDetections": 43,
                "EngineVendors": [
                    "CTX",
                    "AVG"
                ]
            },
            "Brand": "VirusTotal (API v3)",
            "Score": 3
        },
        {
            "Brand": "WildFire-v2",
            "Score": 3,
            "Verdict": 1,
            "VerdictDescription": "malware",
            "MD5": "md5md5md5md5md5md5md5md5md5md5md5md5md5m",
            "SHA1": "sha1sha1sha1sha1sha1sha1sha1sha1sha1sha1",
            "SHA256": "sha256sha256sha256sha256sha256sha256sha256sha256sha256sha256sha2",
            "AdditionalFields": {
                "Type": "JAVA JAR"
            }
        },
        {
            "Brand": "Cortex Core - IR",
            "SHA256": "sha256sha256sha256sha256sha256sha256sha256sha256sha256sha256sha2",
            "GlobalPrevalence": 0,
            "LocalPrevalence": 0.058823529411764705,
            "AdditionalFields": {
                "data": {
                    "global_prevalence": {
                        "description": "The global prevalence of the file.",
                        "value": 0
                    },
                    "local_prevalence": {
                        "description": "The local prevalence of the file.",
                        "value": 0.058823529411764705
                    },
                    "prevalence": {
                        "description": "The prevalence of the file.",
                        "value": 0.058823529411764705
                    }
                },
                "debug": {
                    "file_global_prevalence_by_global_process_sha256": {
                        "description": "The prevalence of the file according to global_process_sha256 profile.",
                        "value": 0
                    },
                    "file_local_prevalence_by_file_sha256": {
                        "description": "The prevalence of the file according to file_sha256 profile.",
                        "value": 0
                    },
                    "file_local_prevalence_by_loaded_module_sha256": {
                        "description": "The prevalence of the file according to loaded_module_sha256 profile.",
                        "value": 0.058823529411764705
                    },
                    "file_local_prevalence_by_process_sha256": {
                        "description": "The prevalence of the file according to process_sha256 profile.",
                        "value": 0.058823529411764705
                    }
                },
                "sha256": "sha256sha256sha256sha256sha256sha256sha256sha256sha256sha256sha2",
                "value": false
            }
        }
    ]
}
