{
    "Context": {
        "FileEnrichment": [
            {
                "Extension": "ZIP",
                "Type": "application/zip",
                "MD5": "md5md5md5md5md5md5md5md5md5md5md5md5md5m",
                "SHA1": "sha1sha1sha1sha1sha1sha1sha1sha1sha1sha1",
                "SHA256": "sha256sha256sha256sha256sha256sha256sha256sha256sha256sha256sha2",
                "Size": 262291,
                "SSDeep": "6144:aAaAaAaAaAaA/B/:CCeeffgghhiijj/kkllmm",
                "Tags": [
                    "jar",
                    "checks-cpu-name",
                    "sets-process-name",
                    "detect-debug-environment",
                    "checks-hostname"
                ],
                "Brand": "TIM",
                "Score": 3
            }
        ]
    },
    "HumanReadable": "#### Result for Search Indicators\n### Found Indicators\n|fileextension|filetype|md5|sha1|sha256|size|ssdeep|tags|\n|---|---|---|---|---|---|---|---|\n| ZIP | application/zip | md5md5md5md5md5md5md5md5md5md5md5md5md5m | sha1sha1sha1sha1sha1sha1sha1sha1sha1sha1 | sha256sha256sha256sha256sha256sha256sha256sha256sha256sha256sha2 | 262291 | 6144:aAaAaAaAaAaA/B/:CCeeffgghhiijj/kkllmm | jar,<br>checks-cpu-name,<br>sets-process-name,<br>detect-debug-environment,<br>checks-hostname |\n"
}
